==== 2026-08-30T19:18:27+08:00 build ====
Scope: 7 of 8 workspace projects
packages/ui-dsh-bot build$ tsc -p tsconfig.build.json && tsdown
packages/workbench-ui build$ tsdown && cp index.html lib/index.html && cp src/styles.css lib/workbench.css
.../plugin/packages/session-marks build$ tsdown
.../plugin/packages/session-tool build$ tsdown
.../plugin/packages/session-marks build: ℹ tsdown v0.22.14 powered by rolldown v1.2.6
packages/workbench-ui build: ℹ tsdown v0.22.14 powered by rolldown v1.2.6
.../plugin/packages/session-tool build: ℹ tsdown v0.22.14 powered by rolldown v1.2.6
packages/workbench-ui build: ℹ config file: /Users/nothing/workspace/dsh/plugin/dsh-grok-bot/plugin/packages/workbench-ui/tsdown.config.ts 
packages/workbench-ui build: ℹ entry: src/main.tsx
packages/workbench-ui build: ℹ target: es2022
packages/workbench-ui build: ℹ tsconfig: tsconfig.json
packages/workbench-ui build: ℹ Build start
packages/workbench-ui build: ℹ Cleaning 4 files
packages/workbench-ui build: ℹ lib/workbench.js      255.80 kB │ gzip:  64.60 kB
packages/workbench-ui build: ℹ lib/workbench.js.map  422.29 kB │ gzip: 100.34 kB
packages/workbench-ui build: ℹ 2 files, total: 678.09 kB
packages/workbench-ui build: ✔ Build complete in 55ms
.../plugin/packages/session-tool build: ℹ config file: /Users/nothing/workspace/dsh/plugin/session-tool/plugin/packages/session-tool/tsdown.config.ts 
.../plugin/packages/session-marks build: ℹ config file: /Users/nothing/workspace/dsh/plugin/session-tool/plugin/packages/session-marks/tsdown.config.ts 
packages/workbench-ui build: Done
.../plugin/packages/session-tool build: ℹ entry: src/index.ts
.../plugin/packages/session-tool build: ℹ target: es2024
.../plugin/packages/session-tool build: ℹ tsconfig: tsconfig.json
.../plugin/packages/session-marks build: ℹ entry: src/index.ts
.../plugin/packages/session-marks build: ℹ target: es2024
.../plugin/packages/session-marks build: ℹ tsconfig: tsconfig.json
.../plugin/packages/session-tool build: ℹ Build start
.../plugin/packages/session-tool build:  WARN  `external` is deprecated. Use `deps.neverBundle` instead.
.../plugin/packages/session-marks build: ℹ Build start
.../plugin/packages/session-marks build: ℹ lib/index.js         6.85 kB │ gzip: 2.57 kB
.../plugin/packages/session-marks build: ℹ lib/index.js.map    12.64 kB │ gzip: 4.20 kB
.../plugin/packages/session-marks build: ℹ lib/index.d.ts.map   0.45 kB │ gzip: 0.26 kB
.../plugin/packages/session-marks build: ℹ lib/index.d.ts       3.22 kB │ gzip: 1.28 kB
.../plugin/packages/session-marks build: ℹ 4 files, total: 23.17 kB
.../plugin/packages/session-marks build: ✔ Build complete in 384ms
.../plugin/packages/session-marks build: Done
.../plugin/packages/session-tool build: ℹ lib/index.js         3.07 kB │ gzip: 1.18 kB
.../plugin/packages/session-tool build: ℹ lib/index.js.map    24.03 kB │ gzip: 6.38 kB
.../plugin/packages/session-tool build: ℹ lib/index.d.ts.map   1.85 kB │ gzip: 0.58 kB
.../plugin/packages/session-tool build: ℹ lib/index.d.ts      22.07 kB │ gzip: 5.84 kB
.../plugin/packages/session-tool build: ℹ 4 files, total: 51.03 kB
.../plugin/packages/session-tool build: ✔ Build complete in 403ms
.../plugin/packages/session-tool build: Done
packages/ui-dsh-bot build: ℹ tsdown v0.22.14 powered by rolldown v1.2.6
packages/ui-dsh-bot build: ℹ config file: /Users/nothing/workspace/dsh/plugin/dsh-grok-bot/plugin/packages/ui-dsh-bot/tsdown.config.ts 
packages/ui-dsh-bot build: ℹ [ui-dsh-bot] entry: src/index.ts
packages/ui-dsh-bot build: ℹ [ui-dsh-bot] target: es2024
packages/ui-dsh-bot build: ℹ [ui-dsh-bot] tsconfig: tsconfig.json
packages/ui-dsh-bot build: ℹ [ui-dsh-bot/client] entry: src/client/index.ts
packages/ui-dsh-bot build: ℹ [ui-dsh-bot/client] tsconfig: tsconfig.json
packages/ui-dsh-bot build:  WARN  `external` is deprecated. Use `deps.neverBundle` instead.
packages/ui-dsh-bot build:  WARN  `noExternal` is deprecated. Use `deps.alwaysBundle` instead.
packages/ui-dsh-bot build: ℹ Build start
packages/ui-dsh-bot build: ℹ [ui-dsh-bot] [ESM] lib/index.js  0.30 kB │ gzip: 0.24 kB
packages/ui-dsh-bot build: ℹ [ui-dsh-bot] [ESM] 1 files, total: 0.30 kB
packages/ui-dsh-bot build: ✔ [ui-dsh-bot] Build complete in 9ms
packages/ui-dsh-bot build: ℹ [ui-dsh-bot/client] [CJS] lib/client.js      17.04 kB │ gzip: 5.47 kB
packages/ui-dsh-bot build: ℹ [ui-dsh-bot/client] [CJS] lib/client.js.map  26.87 kB │ gzip: 8.40 kB
packages/ui-dsh-bot build: ℹ [ui-dsh-bot/client] [CJS] 2 files, total: 43.91 kB
packages/ui-dsh-bot build: ✔ [ui-dsh-bot/client] Build complete in 22ms
packages/ui-dsh-bot build: Done
packages/dsh-bot-host build$ tsdown
.../plugin/packages/session-tool-local build$ tsdown
.../plugin/packages/session-tool-local build: ℹ tsdown v0.22.14 powered by rolldown v1.2.6
packages/dsh-bot-host build: ℹ tsdown v0.22.14 powered by rolldown v1.2.6
packages/dsh-bot-host build: ℹ config file: /Users/nothing/workspace/dsh/plugin/dsh-grok-bot/plugin/packages/dsh-bot-host/tsdown.config.ts 
packages/dsh-bot-host build: ℹ entry: src/index.ts
packages/dsh-bot-host build: ℹ target: es2024
packages/dsh-bot-host build: ℹ tsconfig: tsconfig.json
packages/dsh-bot-host build:  WARN  `external` is deprecated. Use `deps.neverBundle` instead.
packages/dsh-bot-host build: ℹ Build start
.../plugin/packages/session-tool-local build: ℹ config file: /Users/nothing/workspace/dsh/plugin/session-tool/plugin/packages/session-tool-local/tsdown.config.ts 
.../plugin/packages/session-tool-local build: ℹ entry: src/index.ts
.../plugin/packages/session-tool-local build: ℹ target: es2024
.../plugin/packages/session-tool-local build: ℹ tsconfig: tsconfig.json
.../plugin/packages/session-tool-local build:  WARN  `external` is deprecated. Use `deps.neverBundle` instead.
.../plugin/packages/session-tool-local build: ℹ Build start
.../plugin/packages/session-tool-local build: ℹ Hint: consider adding deps.onlyBundle option to avoid unintended bundling of dependencies, or set deps.onlyBundle: false to disable this hint.
.../plugin/packages/session-tool-local build: See more at https://tsdown.dev/options/dependencies#deps-onlybundle
.../plugin/packages/session-tool-local build: Detected dependencies in bundle:
.../plugin/packages/session-tool-local build: - zod
.../plugin/packages/session-tool-local build: ℹ lib/index.js        177.17 kB │ gzip: 38.34 kB
.../plugin/packages/session-tool-local build: ℹ lib/index.js.map    478.91 kB │ gzip: 91.17 kB
.../plugin/packages/session-tool-local build: ℹ lib/index.d.ts.map    0.98 kB │ gzip:  0.42 kB
.../plugin/packages/session-tool-local build: ℹ lib/index.d.ts       10.63 kB │ gzip:  3.44 kB
.../plugin/packages/session-tool-local build: ℹ 4 files, total: 667.70 kB
.../plugin/packages/session-tool-local build: ✔ Build complete in 489ms
.../plugin/packages/session-tool-local build: Done
packages/dsh-bot-host build: ℹ lib/index.js         68.93 kB │ gzip: 18.41 kB
packages/dsh-bot-host build: ℹ lib/index.js.map    147.24 kB │ gzip: 34.79 kB
packages/dsh-bot-host build: ℹ lib/index.d.ts.map    3.72 kB │ gzip:  1.20 kB
packages/dsh-bot-host build: ℹ lib/index.d.ts       22.72 kB │ gzip:  6.42 kB
packages/dsh-bot-host build: ℹ 4 files, total: 242.62 kB
packages/dsh-bot-host build: ✔ Build complete in 536ms
packages/dsh-bot-host build: Done
packages/tool-dsh-bot build$ tsdown
packages/tool-dsh-bot build: ℹ tsdown v0.22.14 powered by rolldown v1.2.6
packages/tool-dsh-bot build: ℹ config file: /Users/nothing/workspace/dsh/plugin/dsh-grok-bot/plugin/packages/tool-dsh-bot/tsdown.config.ts 
packages/tool-dsh-bot build: ℹ entry: src/index.ts
packages/tool-dsh-bot build: ℹ target: es2024
packages/tool-dsh-bot build: ℹ tsconfig: tsconfig.json
packages/tool-dsh-bot build:  WARN  `external` is deprecated. Use `deps.neverBundle` instead.
packages/tool-dsh-bot build: ℹ Build start
packages/tool-dsh-bot build: ℹ lib/index.js        2.34 kB │ gzip: 1.06 kB
packages/tool-dsh-bot build: ℹ lib/index.js.map    4.33 kB │ gzip: 1.75 kB
packages/tool-dsh-bot build: ℹ lib/index.d.ts.map  0.12 kB │ gzip: 0.13 kB
packages/tool-dsh-bot build: ℹ lib/index.d.ts      0.30 kB │ gzip: 0.23 kB
packages/tool-dsh-bot build: ℹ 4 files, total: 7.09 kB
packages/tool-dsh-bot build: ✔ Build complete in 394ms
packages/tool-dsh-bot build: Done
==== 2026-08-30T19:18:29+08:00 typecheck ====
Scope: 7 of 8 workspace projects
packages/ui-dsh-bot typecheck$ tsc -p tsconfig.json --noEmit
packages/workbench-ui typecheck$ tsc -p tsconfig.json --noEmit
.../plugin/packages/session-marks typecheck$ tsc -p tsconfig.json
.../plugin/packages/session-tool typecheck$ tsc -p tsconfig.json
.../plugin/packages/session-tool typecheck: Done
.../plugin/packages/session-marks typecheck: Done
packages/ui-dsh-bot typecheck: Done
packages/workbench-ui typecheck: Done
.../plugin/packages/session-tool-local typecheck$ tsc -p tsconfig.json
packages/dsh-bot-host typecheck$ tsc -p tsconfig.json --noEmit
packages/dsh-bot-host typecheck: Done
.../plugin/packages/session-tool-local typecheck: Done
packages/tool-dsh-bot typecheck$ tsc -p tsconfig.json --noEmit
packages/tool-dsh-bot typecheck: Done
==== 2026-08-30T19:18:31+08:00 test ====
Scope: 7 of 8 workspace projects
packages/ui-dsh-bot test$ vitest run --config ../../vitest.config.ts packages/ui-dsh-bot/tests
packages/workbench-ui test$ vitest run --config ../../vitest.config.ts packages/workbench-ui/tests
.../plugin/packages/session-marks test$ vitest run --config ../../vitest.config.ts packages/session-marks/tests
packages/ui-dsh-bot test:  RUN  v4.1.11 /Users/nothing/workspace/dsh/plugin/dsh-grok-bot/plugin
packages/workbench-ui test:  RUN  v4.1.11 /Users/nothing/workspace/dsh/plugin/dsh-grok-bot/plugin
.../plugin/packages/session-marks test:  RUN  v4.1.11 /Users/nothing/workspace/dsh/plugin/session-tool/plugin
packages/workbench-ui test:  ✓ packages/workbench-ui/tests/avatar.spec.ts (4 tests) 3ms
packages/workbench-ui test:  ✓ packages/workbench-ui/tests/api.spec.ts (5 tests) 4ms
packages/ui-dsh-bot test:  ✓ packages/ui-dsh-bot/tests/apply-sidebar.spec.ts (2 tests) 3ms
.../plugin/packages/session-marks test:  ✓ packages/session-marks/tests/marks.spec.ts (9 tests) 13ms
.../plugin/packages/session-marks test:  Test Files  1 passed (1)
.../plugin/packages/session-marks test:       Tests  9 passed (9)
.../plugin/packages/session-marks test:    Start at  19:18:32
.../plugin/packages/session-marks test:    Duration  151ms (transform 30ms, setup 0ms, import 41ms, tests 13ms, environment 0ms)
.../plugin/packages/session-marks test: Done
packages/ui-dsh-bot test:  ✓ packages/ui-dsh-bot/tests/rpc.spec.ts (4 tests) 158ms
packages/workbench-ui test:  ✓ packages/workbench-ui/tests/session-poll.spec.tsx (3 tests) 24ms
packages/workbench-ui test:  ✓ packages/workbench-ui/tests/transcript.spec.tsx (3 tests) 25ms
packages/workbench-ui test:  ✓ packages/workbench-ui/tests/roster.spec.tsx (4 tests) 44ms
packages/workbench-ui test:  ✓ packages/workbench-ui/tests/bot-form.spec.tsx (4 tests) 44ms
packages/workbench-ui test:  ✓ packages/workbench-ui/tests/composer.spec.tsx (5 tests) 80ms
packages/workbench-ui test:  ✓ packages/workbench-ui/tests/app.spec.tsx (8 tests) 102ms
packages/ui-dsh-bot test:  ✓ packages/ui-dsh-bot/tests/tab.spec.tsx (5 tests) 100ms
packages/ui-dsh-bot test:  Test Files  3 passed (3)
packages/ui-dsh-bot test:       Tests  11 passed (11)
packages/ui-dsh-bot test:    Start at  19:18:31
packages/ui-dsh-bot test:    Duration  812ms (transform 114ms, setup 0ms, import 272ms, tests 261ms, environment 436ms)
packages/ui-dsh-bot test: Done
packages/workbench-ui test:  ✓ packages/workbench-ui/tests/conversation.spec.tsx (7 tests) 136ms
packages/workbench-ui test:  Test Files  9 passed (9)
packages/workbench-ui test:       Tests  43 passed (43)
packages/workbench-ui test:    Start at  19:18:31
packages/workbench-ui test:    Duration  837ms (transform 328ms, setup 0ms, import 1.24s, tests 460ms, environment 3.04s)
packages/workbench-ui test: Done
.../plugin/packages/session-tool-local test$ vitest run --config ../../vitest.config.ts packages/session-tool-local/tests
packages/dsh-bot-host test$ vitest run --config ../../vitest.config.ts packages/dsh-bot-host/tests
packages/dsh-bot-host test:  RUN  v4.1.11 /Users/nothing/workspace/dsh/plugin/dsh-grok-bot/plugin
.../plugin/packages/session-tool-local test:  RUN  v4.1.11 /Users/nothing/workspace/dsh/plugin/session-tool/plugin
packages/dsh-bot-host test:  ✓ packages/dsh-bot-host/tests/workbench-routes.spec.ts (5 tests) 15ms
.../plugin/packages/session-tool-local test:  ✓ packages/session-tool-local/tests/collect.spec.ts (6 tests) 2ms
.../plugin/packages/session-tool-local test:  ✓ packages/session-tool-local/tests/delegation-projection.spec.ts (9 tests) 5ms
packages/dsh-bot-host test:  ✓ packages/dsh-bot-host/tests/workbench-sessions.spec.ts (13 tests) 31ms
packages/dsh-bot-host test:  ✓ packages/dsh-bot-host/tests/reconcile.spec.ts (7 tests) 39ms
packages/dsh-bot-host test:  ✓ packages/dsh-bot-host/tests/bots.spec.ts (17 tests) 86ms
.../plugin/packages/session-tool-local test:  ✓ packages/session-tool-local/tests/workspace-client.spec.ts (11 tests) 18ms
.../plugin/packages/session-tool-local test:  ✓ packages/session-tool-local/tests/session-client.spec.ts (22 tests) 44ms
packages/dsh-bot-host test:  ✓ packages/dsh-bot-host/tests/ask.spec.ts (20 tests) 83ms
.../plugin/packages/session-tool-local test:  ✓ packages/session-tool-local/tests/workspace.spec.ts (12 tests) 40ms
packages/dsh-bot-host test:  ✓ packages/dsh-bot-host/tests/routes.spec.ts (14 tests) 685ms
packages/dsh-bot-host test:  Test Files  6 passed (6)
packages/dsh-bot-host test:       Tests  76 passed (76)
packages/dsh-bot-host test:    Start at  19:18:32
packages/dsh-bot-host test:    Duration  860ms (transform 441ms, setup 0ms, import 701ms, tests 939ms, environment 0ms)
packages/dsh-bot-host test: Done
.../plugin/packages/session-tool-local test:  ✓ packages/session-tool-local/tests/service.spec.ts (50 tests) 1637ms
.../plugin/packages/session-tool-local test:        ✓ wait-all aggregates when every member is terminal  339ms
.../plugin/packages/session-tool-local test:        ✓ returns a timeout snapshot without error when the deadline passes  334ms
.../plugin/packages/session-tool-local test:        ✓ resolves a tag aggregation and reports an empty set as unsatisfied  507ms
.../plugin/packages/session-tool-local test:  Test Files  6 passed (6)
.../plugin/packages/session-tool-local test:       Tests  110 passed (110)
.../plugin/packages/session-tool-local test:    Start at  19:18:33
.../plugin/packages/session-tool-local test:    Duration  1.88s (transform 457ms, setup 0ms, import 760ms, tests 1.75s, environment 0ms)
.../plugin/packages/session-tool-local test: Done
packages/tool-dsh-bot test$ vitest run --config ../../vitest.config.ts packages/tool-dsh-bot/tests
packages/tool-dsh-bot test:  RUN  v4.1.11 /Users/nothing/workspace/dsh/plugin/dsh-grok-bot/plugin
packages/tool-dsh-bot test:  ✓ packages/tool-dsh-bot/tests/tools.spec.ts (5 tests) 6ms
packages/tool-dsh-bot test:  Test Files  1 passed (1)
packages/tool-dsh-bot test:       Tests  5 passed (5)
packages/tool-dsh-bot test:    Start at  19:18:35
packages/tool-dsh-bot test:    Duration  179ms (transform 60ms, setup 0ms, import 107ms, tests 6ms, environment 0ms)
packages/tool-dsh-bot test: Done
==== 2026-08-30T19:18:35+08:00 standard:check ====
$ node standards/validate.mjs

== manifest 校验（packages/*/dsh-plugin.json） ==
✓ tool-dsh-bot (io.github.nothing1024.tool-dsh-bot)
✓ ui-dsh-bot (io.github.nothing1024.ui-dsh-bot)

== 协商（manifest × host-descriptor） ==
✓ tool-dsh-bot: compatible
✓ ui-dsh-bot: compatible

== fixtures 自检 ==
✓ valid/full.json
✓ valid/minimal.json
✓ valid/tool-dsh-bot.json
✓ invalid/missing-schema.json → [missing-schema]
✓ invalid/wrong-manifest-version.json → [wrong-manifest-version]
✓ invalid/missing-facets.json → [missing-facets]
✓ invalid/bad-id.json → [bad-id]
✓ invalid/unknown-field.json → [unknown-field]
✓ invalid/provides-rejected.json → [provides-rejected]
✓ invalid/requires-services-rejected.json → [requires-services-rejected]
✓ invalid/reserved-facet-client.json → [reserved-facet]
✓ invalid/duplicate-contributes-id.json → [duplicate-contributes-id]
✓ invalid/entry-outside-root.json → [entry-outside-root]

== adapter 审计（上游触点基线） ==
✓ 无未评审的新增上游触点

结论：全部通过
==== 2026-08-30T19:18:35+08:00 DONE exit=0 ====
==== typecheck ====
Scope: 7 of 8 workspace projects
packages/ui-dsh-bot typecheck$ tsc -p tsconfig.json --noEmit
packages/workbench-ui typecheck$ tsc -p tsconfig.json --noEmit
.../plugin/packages/session-tool typecheck$ tsc -p tsconfig.json
.../plugin/packages/session-marks typecheck$ tsc -p tsconfig.json
.../plugin/packages/session-tool typecheck: Done
.../plugin/packages/session-marks typecheck: Done
packages/ui-dsh-bot typecheck: Done
packages/workbench-ui typecheck: Done
packages/dsh-bot-host typecheck$ tsc -p tsconfig.json --noEmit
.../plugin/packages/session-tool-local typecheck$ tsc -p tsconfig.json
packages/dsh-bot-host typecheck: Done
.../plugin/packages/session-tool-local typecheck: Done
packages/tool-dsh-bot typecheck$ tsc -p tsconfig.json --noEmit
packages/tool-dsh-bot typecheck: Done
==== test ====
Scope: 7 of 8 workspace projects
packages/ui-dsh-bot test$ vitest run --config ../../vitest.config.ts packages/ui-dsh-bot/tests
packages/workbench-ui test$ vitest run --config ../../vitest.config.ts packages/workbench-ui/tests
.../plugin/packages/session-marks test$ vitest run --config ../../vitest.config.ts packages/session-marks/tests
packages/workbench-ui test:  RUN  v4.1.11 /Users/nothing/workspace/dsh/plugin/dsh-grok-bot/plugin
packages/ui-dsh-bot test:  RUN  v4.1.11 /Users/nothing/workspace/dsh/plugin/dsh-grok-bot/plugin
.../plugin/packages/session-marks test:  RUN  v4.1.11 /Users/nothing/workspace/dsh/plugin/session-tool/plugin
packages/workbench-ui test:  ✓ packages/workbench-ui/tests/avatar.spec.ts (4 tests) 3ms
packages/workbench-ui test:  ✓ packages/workbench-ui/tests/api.spec.ts (5 tests) 4ms
packages/ui-dsh-bot test:  ✓ packages/ui-dsh-bot/tests/apply-sidebar.spec.ts (2 tests) 2ms
.../plugin/packages/session-marks test:  ✓ packages/session-marks/tests/marks.spec.ts (9 tests) 14ms
.../plugin/packages/session-marks test:  Test Files  1 passed (1)
.../plugin/packages/session-marks test:       Tests  9 passed (9)
.../plugin/packages/session-marks test:    Start at  20:18:33
.../plugin/packages/session-marks test:    Duration  143ms (transform 22ms, setup 0ms, import 35ms, tests 14ms, environment 0ms)
.../plugin/packages/session-marks test: Done
packages/ui-dsh-bot test:  ✓ packages/ui-dsh-bot/tests/rpc.spec.ts (4 tests) 159ms
packages/workbench-ui test:  ✓ packages/workbench-ui/tests/transcript.spec.tsx (3 tests) 26ms
packages/workbench-ui test:  ✓ packages/workbench-ui/tests/session-poll.spec.tsx (3 tests) 26ms
packages/workbench-ui test:  ✓ packages/workbench-ui/tests/roster.spec.tsx (4 tests) 45ms
packages/workbench-ui test:  ✓ packages/workbench-ui/tests/bot-form.spec.tsx (4 tests) 48ms
packages/workbench-ui test:  ✓ packages/workbench-ui/tests/composer.spec.tsx (5 tests) 80ms
packages/workbench-ui test:  ✓ packages/workbench-ui/tests/app.spec.tsx (8 tests) 98ms
packages/ui-dsh-bot test:  ✓ packages/ui-dsh-bot/tests/tab.spec.tsx (5 tests) 98ms
packages/ui-dsh-bot test:  Test Files  3 passed (3)
packages/ui-dsh-bot test:       Tests  11 passed (11)
packages/ui-dsh-bot test:    Start at  20:18:33
packages/ui-dsh-bot test:    Duration  794ms (transform 117ms, setup 0ms, import 270ms, tests 259ms, environment 423ms)
packages/ui-dsh-bot test: Done
packages/workbench-ui test:  ✓ packages/workbench-ui/tests/conversation.spec.tsx (7 tests) 131ms
packages/workbench-ui test:  Test Files  9 passed (9)
packages/workbench-ui test:       Tests  43 passed (43)
packages/workbench-ui test:    Start at  20:18:33
packages/workbench-ui test:    Duration  821ms (transform 381ms, setup 0ms, import 1.21s, tests 462ms, environment 2.98s)
packages/workbench-ui test: Done
packages/dsh-bot-host test$ vitest run --config ../../vitest.config.ts packages/dsh-bot-host/tests
.../plugin/packages/session-tool-local test$ vitest run --config ../../vitest.config.ts packages/session-tool-local/tests
packages/dsh-bot-host test:  RUN  v4.1.11 /Users/nothing/workspace/dsh/plugin/dsh-grok-bot/plugin
.../plugin/packages/session-tool-local test:  RUN  v4.1.11 /Users/nothing/workspace/dsh/plugin/session-tool/plugin
packages/dsh-bot-host test:  ✓ packages/dsh-bot-host/tests/workbench-routes.spec.ts (5 tests) 10ms
.../plugin/packages/session-tool-local test:  ✓ packages/session-tool-local/tests/collect.spec.ts (6 tests) 2ms
.../plugin/packages/session-tool-local test:  ✓ packages/session-tool-local/tests/delegation-projection.spec.ts (9 tests) 4ms
packages/dsh-bot-host test:  ✓ packages/dsh-bot-host/tests/workbench-sessions.spec.ts (13 tests) 30ms
packages/dsh-bot-host test:  ✓ packages/dsh-bot-host/tests/reconcile.spec.ts (7 tests) 39ms
packages/dsh-bot-host test:  ✓ packages/dsh-bot-host/tests/bots.spec.ts (17 tests) 81ms
.../plugin/packages/session-tool-local test:  ✓ packages/session-tool-local/tests/workspace-client.spec.ts (11 tests) 17ms
packages/dsh-bot-host test:  ✓ packages/dsh-bot-host/tests/ask.spec.ts (20 tests) 82ms
.../plugin/packages/session-tool-local test:  ✓ packages/session-tool-local/tests/session-client.spec.ts (22 tests) 43ms
.../plugin/packages/session-tool-local test:  ✓ packages/session-tool-local/tests/workspace.spec.ts (12 tests) 36ms
packages/dsh-bot-host test:  ✓ packages/dsh-bot-host/tests/routes.spec.ts (14 tests) 686ms
packages/dsh-bot-host test:  Test Files  6 passed (6)
packages/dsh-bot-host test:       Tests  76 passed (76)
packages/dsh-bot-host test:    Start at  20:18:34
packages/dsh-bot-host test:    Duration  849ms (transform 378ms, setup 0ms, import 627ms, tests 928ms, environment 0ms)
packages/dsh-bot-host test: Done
.../plugin/packages/session-tool-local test:  ✓ packages/session-tool-local/tests/service.spec.ts (50 tests) 1651ms
.../plugin/packages/session-tool-local test:        ✓ wait-all aggregates when every member is terminal  331ms
.../plugin/packages/session-tool-local test:        ✓ returns a timeout snapshot without error when the deadline passes  326ms
.../plugin/packages/session-tool-local test:        ✓ resolves a tag aggregation and reports an empty set as unsatisfied  519ms
.../plugin/packages/session-tool-local test:  Test Files  6 passed (6)
.../plugin/packages/session-tool-local test:       Tests  110 passed (110)
.../plugin/packages/session-tool-local test:    Start at  20:18:34
.../plugin/packages/session-tool-local test:    Duration  1.89s (transform 478ms, setup 0ms, import 777ms, tests 1.75s, environment 0ms)
.../plugin/packages/session-tool-local test: Done
packages/tool-dsh-bot test$ vitest run --config ../../vitest.config.ts packages/tool-dsh-bot/tests
packages/tool-dsh-bot test:  RUN  v4.1.11 /Users/nothing/workspace/dsh/plugin/dsh-grok-bot/plugin
packages/tool-dsh-bot test:  ✓ packages/tool-dsh-bot/tests/tools.spec.ts (5 tests) 6ms
packages/tool-dsh-bot test:  Test Files  1 passed (1)
packages/tool-dsh-bot test:       Tests  5 passed (5)
packages/tool-dsh-bot test:    Start at  20:18:36
packages/tool-dsh-bot test:    Duration  170ms (transform 56ms, setup 0ms, import 99ms, tests 6ms, environment 0ms)
packages/tool-dsh-bot test: Done
==== standard:check ====
$ node standards/validate.mjs

== manifest 校验（packages/*/dsh-plugin.json） ==
✓ tool-dsh-bot (io.github.nothing1024.tool-dsh-bot)
✓ ui-dsh-bot (io.github.nothing1024.ui-dsh-bot)

== 协商（manifest × host-descriptor） ==
✓ tool-dsh-bot: compatible
✓ ui-dsh-bot: compatible

== fixtures 自检 ==
✓ valid/full.json
✓ valid/minimal.json
✓ valid/tool-dsh-bot.json
✓ invalid/missing-schema.json → [missing-schema]
✓ invalid/wrong-manifest-version.json → [wrong-manifest-version]
✓ invalid/missing-facets.json → [missing-facets]
✓ invalid/bad-id.json → [bad-id]
✓ invalid/unknown-field.json → [unknown-field]
✓ invalid/provides-rejected.json → [provides-rejected]
✓ invalid/requires-services-rejected.json → [requires-services-rejected]
✓ invalid/reserved-facet-client.json → [reserved-facet]
✓ invalid/duplicate-contributes-id.json → [duplicate-contributes-id]
✓ invalid/entry-outside-root.json → [entry-outside-root]

== adapter 审计（上游触点基线） ==
✓ 无未评审的新增上游触点

结论：全部通过
DONE
