# Phase 1 commands.log

## Task 2 (2026-09-08)

$ ./node_modules/.bin/vitest run packages/ui-dsh-bot/tests/sidebar-mode.spec.ts packages/ui-dsh-bot/tests/region-registration.spec.ts
 Test Files  2 passed (2)
      Tests  9 passed (9)
   Duration  115ms
EXIT 0

$ pnpm run typecheck
$ tsc -p tsconfig.json
EXIT 0

## Task 3 (2026-09-08)

$ ./node_modules/.bin/vitest run packages/ui-dsh-bot/tests/bot-region.spec.tsx
 Test Files  1 passed (1)
      Tests  3 passed (3)
EXIT 0

$ pnpm run typecheck
$ tsc -p tsconfig.json
EXIT 0

## Task 4 (2026-09-08)

$ ./node_modules/.bin/vitest run packages/ui-dsh-bot/tests/mode-footer-action.spec.tsx
 Test Files  1 passed (1)
      Tests  2 passed (2)
EXIT 0

$ pnpm run typecheck
$ tsc -p tsconfig.json
EXIT 0

$ pnpm --filter ui-dsh-bot run build
 tsdown ui-dsh-bot + ui-dsh-bot/client complete (purity ok)
 lib/client.js contains sidebar.workspaces priority bind and id dsh-bot:mode
EXIT 0

## Task 5 regression (2026-09-08)

$ pnpm run typecheck && ./node_modules/.bin/vitest run packages/ui-dsh-bot/tests && pnpm --filter ui-dsh-bot run build
 typecheck EXIT 0
 Test Files  8 passed (8)
      Tests  42 passed (42)
 ui-dsh-bot build tsdown complete (purity ok)
EXIT 0

## Task 5 live (2026-09-08)

Gateway after rebuild+restart: pid 94795 DSH_HOME=.../plugin/env include:ui-dsh-bot active.

UF-601 step 1/5 and UF-602 step 1-3 walked on http://127.0.0.1:3084 via chrome-devtools-proxy page 11.
Fix: BoundBotRegion no longer reads client.betterSidebar (inject crash).
Screenshots: toggle.png after-reload.png sessions-restored.png search-leftover.png open-session.png
