==== workbench-ui test ====
date: 2026-09-01T01:08:47Z
$ tsdown && cp index.html lib/index.html && cp src/styles.css lib/workbench.css
ℹ tsdown v0.22.14 powered by rolldown v1.2.6
ℹ config file: /Users/nothing/workspace/dsh/plugin/dsh-grok-bot/plugin/packages/workbench-ui/tsdown.config.ts 
ℹ entry: src/main.tsx
ℹ target: es2022
ℹ tsconfig: tsconfig.json
ℹ Build start
ℹ Cleaning 4 files
ℹ lib/workbench.js      324.27 kB │ gzip:  79.64 kB
ℹ lib/workbench.js.map  552.87 kB │ gzip: 127.97 kB
ℹ 2 files, total: 877.15 kB
✔ Build complete in 64ms
$ vitest run --config ../../vitest.config.ts packages/workbench-ui/tests

 RUN  v4.1.11 /Users/nothing/workspace/dsh/plugin/dsh-grok-bot/plugin

 ✓ packages/workbench-ui/tests/api.spec.ts (5 tests) 4ms
 ✓ packages/workbench-ui/tests/avatar.spec.ts (4 tests) 3ms
 ✓ packages/workbench-ui/tests/mentions.spec.ts (3 tests) 2ms
 ✓ packages/workbench-ui/tests/jump.spec.ts (7 tests) 6ms
 ✓ packages/workbench-ui/tests/session-binding.spec.ts (5 tests) 6ms
 ✓ packages/workbench-ui/tests/markdown.spec.tsx (2 tests) 22ms
 ✓ packages/workbench-ui/tests/session-poll.spec.tsx (3 tests) 37ms
 ✓ packages/workbench-ui/tests/persona.spec.tsx (7 tests) 31ms
 ✓ packages/workbench-ui/tests/transcript.spec.tsx (6 tests) 36ms
 ✓ packages/workbench-ui/tests/group-form.spec.tsx (2 tests) 35ms
 ✓ packages/workbench-ui/tests/bot-form.spec.tsx (4 tests) 57ms
 ✓ packages/workbench-ui/tests/session-list.spec.tsx (4 tests) 83ms
 ✓ packages/workbench-ui/tests/roster.spec.tsx (7 tests) 71ms
 ✓ packages/workbench-ui/tests/composer.spec.tsx (5 tests) 86ms
 ✓ packages/workbench-ui/tests/app.spec.tsx (9 tests) 145ms
 ✓ packages/workbench-ui/tests/conversation.spec.tsx (11 tests) 215ms

 Test Files  16 passed (16)
      Tests  84 passed (84)
   Start at  09:08:48
   Duration  946ms (transform 730ms, setup 0ms, import 2.26s, tests 840ms, environment 5.29s)

