# roster-unit.log
# 2026-08-30T06:05:07Z

$ pnpm --filter workbench-ui run build
$ tsdown && cp index.html lib/index.html && cp src/styles.css lib/workbench.css
ℹ tsdown v0.22.14 powered by rolldown v1.2.6
ℹ config file: /Users/nothing/workspace/dsh/plugin/dsh-grok-bot/plugin/packages/workbench-ui/tsdown.config.ts 
ℹ entry: src/main.tsx
ℹ target: es2022
ℹ tsconfig: tsconfig.json
ℹ Build start
ℹ Cleaning 4 files
ℹ lib/workbench.js      231.71 kB │ gzip: 59.44 kB
ℹ lib/workbench.js.map  377.55 kB │ gzip: 90.53 kB
ℹ 2 files, total: 609.26 kB
✔ Build complete in 46ms

$ pnpm --filter workbench-ui run test
$ vitest run --config ../../vitest.config.ts packages/workbench-ui/tests

 RUN  v4.1.11 /Users/nothing/workspace/dsh/plugin/dsh-grok-bot/plugin

 ✓ packages/workbench-ui/tests/avatar.spec.ts (4 tests) 2ms
 ✓ packages/workbench-ui/tests/api.spec.ts (3 tests) 3ms
 ✓ packages/workbench-ui/tests/roster.spec.tsx (4 tests) 42ms
 ✓ packages/workbench-ui/tests/bot-form.spec.tsx (4 tests) 45ms
 ✓ packages/workbench-ui/tests/app.spec.tsx (4 tests) 66ms

 Test Files  5 passed (5)
      Tests  19 passed (19)
   Start at  14:05:08
   Duration  420ms (transform 105ms, setup 0ms, import 312ms, tests 158ms, environment 570ms)

