# phase-final four commands (re-run after roster fixture sync)

Date: 2026-09-07
Note: previous log attributed typecheck rc=2 to SessionId brand clash. That diagnosis was wrong.
Current tsc: 0 errors. 11 prior errors were local fixtures / exactOptionalPropertyTypes.

===== pnpm run typecheck =====
TYPECHECK_RC=0
$ tsc -p tsconfig.json

===== pnpm run build =====
BUILD_RC=0
packages/tool-dsh-bot build$ tsdown
packages/tool-dsh-bot build: ℹ tsdown v0.22.14 powered by rolldown v1.2.6
packages/tool-dsh-bot build: ℹ config file: /Users/nothing/workspace/dsh/plugin/dsh-grok-bot/plugin/packages/tool-dsh-bot/tsdown.config.ts 
packages/tool-dsh-bot build: ℹ entry: src/index.ts
packages/tool-dsh-bot build: ℹ target: es2024
packages/tool-dsh-bot build: ℹ tsconfig: tsconfig.json
packages/tool-dsh-bot build:  WARN  `external` is deprecated. Use `deps.neverBundle` instead.
packages/tool-dsh-bot build: ℹ Build start
packages/tool-dsh-bot build: ℹ lib/index.js        3.88 kB │ gzip: 1.34 kB
packages/tool-dsh-bot build: ℹ lib/index.js.map    7.01 kB │ gzip: 2.18 kB
packages/tool-dsh-bot build: ℹ lib/index.d.ts.map  0.12 kB │ gzip: 0.13 kB
packages/tool-dsh-bot build: ℹ lib/index.d.ts      0.30 kB │ gzip: 0.23 kB
packages/tool-dsh-bot build: ℹ 4 files, total: 11.31 kB
packages/tool-dsh-bot build: ✔ Build complete in 469ms
packages/tool-dsh-bot build: Done

===== pnpm test =====
TEST_RC=0
$ vitest run

 RUN  v4.1.11 /Users/nothing/workspace/dsh/plugin/dsh-grok-bot/plugin


 Test Files  46 passed (46)
      Tests  344 passed (344)
   Start at  00:49:11
   Duration  1.71s (transform 2.35s, setup 0ms, import 6.15s, tests 3.60s, environment 7.94s)


===== pnpm run standard:check =====
STANDARD_RC=0

== fixtures 自检 ==
✓ valid/full.json
✓ valid/minimal.json
✓ valid/tool-dsh-bot.json
✓ invalid/missing-schema.json → [missing-schema]
✓ invalid/wrong-manifest-version.json → [wrong-manifest-version]
✓ invalid/missing-facets.json → [missing-facets]
✓ invalid/bad-id.json → [bad-id]
✓ invalid/unknown-field.json → [unknown-field]
✓ invalid/provides-rejected.json → [provides-rejected]
✓ invalid/requires-services-rejected.json → [requires-services-rejected]
✓ invalid/reserved-facet-client.json → [reserved-facet]
✓ invalid/duplicate-contributes-id.json → [duplicate-contributes-id]
✓ invalid/entry-outside-root.json → [entry-outside-root]

== adapter 审计（上游触点基线） ==
✓ 无未评审的新增上游触点

结论：全部通过

===== redline =====
rg -i 'anysphere|sand://' packages/ → empty

===== porcelain env/dsh-bot =====
git status --porcelain | grep env/dsh-bot → empty
