## Task 3 CommandPalette
expected: rg CommandPalette in App.tsx; tests pass

  CommandPalette,
} from './CommandPalette.tsx'
      <CommandPalette


 RUN  v4.1.11 /Users/nothing/workspace/dsh/plugin/dsh-grok-bot/plugin

 ✓ packages/workbench-ui/tests/session-binding.spec.ts (5 tests) 3ms
 ✓ packages/workbench-ui/tests/jump.spec.ts (7 tests) 7ms
 ✓ packages/workbench-ui/tests/session-poll.spec.tsx (3 tests) 24ms
 ✓ packages/workbench-ui/tests/persona.spec.tsx (7 tests) 25ms
 ✓ packages/workbench-ui/tests/command-palette.spec.tsx (4 tests) 23ms
 ✓ packages/workbench-ui/tests/markdown.spec.tsx (2 tests) 20ms
 ✓ packages/workbench-ui/tests/group-form.spec.tsx (2 tests) 35ms
 ✓ packages/workbench-ui/tests/avatar.spec.ts (4 tests) 4ms
 ✓ packages/workbench-ui/tests/keyboard.spec.tsx (2 tests) 16ms
 ✓ packages/workbench-ui/tests/api.spec.ts (5 tests) 4ms
 ✓ packages/workbench-ui/tests/bot-form.spec.tsx (4 tests) 52ms
 ✓ packages/workbench-ui/tests/mentions.spec.ts (3 tests) 2ms
 ✓ packages/workbench-ui/tests/transcript.spec.tsx (8 tests) 40ms
 ✓ packages/workbench-ui/tests/session-list.spec.tsx (4 tests) 83ms
 ✓ packages/workbench-ui/tests/emoji.spec.ts (3 tests) 2ms
 ✓ packages/workbench-ui/tests/roster.spec.tsx (7 tests) 68ms
 ✓ packages/workbench-ui/tests/composer.spec.tsx (9 tests) 93ms
 ✓ packages/workbench-ui/tests/app.spec.tsx (11 tests) 151ms
 ✓ packages/workbench-ui/tests/conversation.spec.tsx (12 tests) 270ms

 Test Files  19 passed (19)
      Tests  102 passed (102)
   Start at  02:09:22
   Duration  1.06s (transform 837ms, setup 0ms, import 2.74s, tests 920ms, environment 6.85s)

