# Task 12 Phase 2 regression (review-fix)
time: 2026-08-29T13:28:36Z
===== pnpm -r run build =====
Scope: 5 of 6 workspace projects
.../plugin/packages/session-marks build$ tsdown
.../plugin/packages/session-tool build$ tsdown
.../plugin/packages/session-marks build: ℹ tsdown v0.22.14 powered by rolldown v1.2.6
.../plugin/packages/session-tool build: ℹ tsdown v0.22.14 powered by rolldown v1.2.6
.../plugin/packages/session-marks build: ℹ config file: /Users/nothing/workspace/dsh/plugin/session-tool/plugin/packages/session-marks/tsdown.config.ts 
.../plugin/packages/session-tool build: ℹ config file: /Users/nothing/workspace/dsh/plugin/session-tool/plugin/packages/session-tool/tsdown.config.ts 
.../plugin/packages/session-tool build: ℹ entry: src/index.ts
.../plugin/packages/session-tool build: ℹ target: es2024
.../plugin/packages/session-tool build: ℹ tsconfig: tsconfig.json
.../plugin/packages/session-marks build: ℹ entry: src/index.ts
.../plugin/packages/session-marks build: ℹ target: es2024
.../plugin/packages/session-marks build: ℹ tsconfig: tsconfig.json
.../plugin/packages/session-tool build: ℹ Build start
.../plugin/packages/session-marks build: ℹ Build start
.../plugin/packages/session-tool build:  WARN  `external` is deprecated. Use `deps.neverBundle` instead.
.../plugin/packages/session-marks build: ℹ lib/index.js         6.85 kB │ gzip: 2.57 kB
.../plugin/packages/session-marks build: ℹ lib/index.js.map    12.64 kB │ gzip: 4.20 kB
.../plugin/packages/session-marks build: ℹ lib/index.d.ts.map   0.45 kB │ gzip: 0.26 kB
.../plugin/packages/session-marks build: ℹ lib/index.d.ts       3.22 kB │ gzip: 1.28 kB
.../plugin/packages/session-marks build: ℹ 4 files, total: 23.17 kB
.../plugin/packages/session-marks build: ✔ Build complete in 370ms
.../plugin/packages/session-marks build: Done
.../plugin/packages/session-tool build: ℹ lib/index.js         3.07 kB │ gzip: 1.18 kB
.../plugin/packages/session-tool build: ℹ lib/index.js.map    24.03 kB │ gzip: 6.38 kB
.../plugin/packages/session-tool build: ℹ lib/index.d.ts.map   1.85 kB │ gzip: 0.58 kB
.../plugin/packages/session-tool build: ℹ lib/index.d.ts      22.07 kB │ gzip: 5.84 kB
.../plugin/packages/session-tool build: ℹ 4 files, total: 51.03 kB
.../plugin/packages/session-tool build: ✔ Build complete in 389ms
.../plugin/packages/session-tool build: Done
packages/dsh-bot-host build$ tsdown
.../plugin/packages/session-tool-local build$ tsdown
packages/dsh-bot-host build: ℹ tsdown v0.22.14 powered by rolldown v1.2.6
.../plugin/packages/session-tool-local build: ℹ tsdown v0.22.14 powered by rolldown v1.2.6
packages/dsh-bot-host build: ℹ config file: /Users/nothing/workspace/dsh/plugin/dsh-grok-bot/plugin/packages/dsh-bot-host/tsdown.config.ts 
packages/dsh-bot-host build: ℹ entry: src/index.ts
packages/dsh-bot-host build: ℹ target: es2024
packages/dsh-bot-host build: ℹ tsconfig: tsconfig.json
packages/dsh-bot-host build:  WARN  `external` is deprecated. Use `deps.neverBundle` instead.
packages/dsh-bot-host build: ℹ Build start
.../plugin/packages/session-tool-local build: ℹ config file: /Users/nothing/workspace/dsh/plugin/session-tool/plugin/packages/session-tool-local/tsdown.config.ts 
.../plugin/packages/session-tool-local build: ℹ entry: src/index.ts
.../plugin/packages/session-tool-local build: ℹ target: es2024
.../plugin/packages/session-tool-local build: ℹ tsconfig: tsconfig.json
.../plugin/packages/session-tool-local build:  WARN  `external` is deprecated. Use `deps.neverBundle` instead.
.../plugin/packages/session-tool-local build: ℹ Build start
packages/dsh-bot-host build: ℹ lib/index.js        16.74 kB │ gzip:  5.38 kB
packages/dsh-bot-host build: ℹ lib/index.js.map    36.70 kB │ gzip: 10.24 kB
packages/dsh-bot-host build: ℹ lib/index.d.ts.map   1.19 kB │ gzip:  0.52 kB
packages/dsh-bot-host build: ℹ lib/index.d.ts       8.06 kB │ gzip:  2.67 kB
packages/dsh-bot-host build: ℹ 4 files, total: 62.70 kB
packages/dsh-bot-host build: ✔ Build complete in 414ms
packages/dsh-bot-host build: Done
.../plugin/packages/session-tool-local build: ℹ Hint: consider adding deps.onlyBundle option to avoid unintended bundling of dependencies, or set deps.onlyBundle: false to disable this hint.
.../plugin/packages/session-tool-local build: See more at https://tsdown.dev/options/dependencies#deps-onlybundle
.../plugin/packages/session-tool-local build: Detected dependencies in bundle:
.../plugin/packages/session-tool-local build: - zod
.../plugin/packages/session-tool-local build: ℹ lib/index.js        177.17 kB │ gzip: 38.34 kB
.../plugin/packages/session-tool-local build: ℹ lib/index.js.map    478.91 kB │ gzip: 91.17 kB
.../plugin/packages/session-tool-local build: ℹ lib/index.d.ts.map    0.98 kB │ gzip:  0.42 kB
.../plugin/packages/session-tool-local build: ℹ lib/index.d.ts       10.63 kB │ gzip:  3.44 kB
.../plugin/packages/session-tool-local build: ℹ 4 files, total: 667.70 kB
.../plugin/packages/session-tool-local build: ✔ Build complete in 519ms
.../plugin/packages/session-tool-local build: Done
packages/tool-dsh-bot build$ tsdown
packages/tool-dsh-bot build: ℹ tsdown v0.22.14 powered by rolldown v1.2.6
packages/tool-dsh-bot build: ℹ config file: /Users/nothing/workspace/dsh/plugin/dsh-grok-bot/plugin/packages/tool-dsh-bot/tsdown.config.ts 
packages/tool-dsh-bot build: ℹ entry: src/index.ts
packages/tool-dsh-bot build: ℹ target: es2024
packages/tool-dsh-bot build: ℹ tsconfig: tsconfig.json
packages/tool-dsh-bot build:  WARN  `external` is deprecated. Use `deps.neverBundle` instead.
packages/tool-dsh-bot build: ℹ Build start
packages/tool-dsh-bot build: ℹ lib/index.js        2.34 kB │ gzip: 1.06 kB
packages/tool-dsh-bot build: ℹ lib/index.js.map    4.33 kB │ gzip: 1.75 kB
packages/tool-dsh-bot build: ℹ lib/index.d.ts.map  0.12 kB │ gzip: 0.13 kB
packages/tool-dsh-bot build: ℹ lib/index.d.ts      0.30 kB │ gzip: 0.23 kB
packages/tool-dsh-bot build: ℹ 4 files, total: 7.09 kB
packages/tool-dsh-bot build: ✔ Build complete in 393ms
packages/tool-dsh-bot build: Done
===== pnpm -r test =====
Scope: 5 of 6 workspace projects
.../plugin/packages/session-marks test$ vitest run --config ../../vitest.config.ts packages/session-marks/tests
.../plugin/packages/session-marks test:  RUN  v4.1.11 /Users/nothing/workspace/dsh/plugin/session-tool/plugin
.../plugin/packages/session-marks test:  ✓ packages/session-marks/tests/marks.spec.ts (9 tests) 12ms
.../plugin/packages/session-marks test:  Test Files  1 passed (1)
.../plugin/packages/session-marks test:       Tests  9 passed (9)
.../plugin/packages/session-marks test:    Start at  21:28:39
.../plugin/packages/session-marks test:    Duration  115ms (transform 21ms, setup 0ms, import 30ms, tests 12ms, environment 0ms)
.../plugin/packages/session-marks test: Done
.../plugin/packages/session-tool-local test$ vitest run --config ../../vitest.config.ts packages/session-tool-local/tests
packages/dsh-bot-host test$ vitest run --config ../../vitest.config.ts packages/dsh-bot-host/tests
packages/dsh-bot-host test:  RUN  v4.1.11 /Users/nothing/workspace/dsh/plugin/dsh-grok-bot/plugin
.../plugin/packages/session-tool-local test:  RUN  v4.1.11 /Users/nothing/workspace/dsh/plugin/session-tool/plugin
.../plugin/packages/session-tool-local test:  ✓ packages/session-tool-local/tests/collect.spec.ts (6 tests) 2ms
packages/dsh-bot-host test:  ✓ packages/dsh-bot-host/tests/ask.spec.ts (17 tests) 74ms
packages/dsh-bot-host test:  Test Files  1 passed (1)
packages/dsh-bot-host test:       Tests  17 passed (17)
packages/dsh-bot-host test:    Start at  21:28:39
packages/dsh-bot-host test:    Duration  233ms (transform 51ms, setup 0ms, import 78ms, tests 74ms, environment 0ms)
.../plugin/packages/session-tool-local test:  ✓ packages/session-tool-local/tests/delegation-projection.spec.ts (9 tests) 4ms
packages/dsh-bot-host test: Done
.../plugin/packages/session-tool-local test:  ✓ packages/session-tool-local/tests/workspace-client.spec.ts (11 tests) 20ms
.../plugin/packages/session-tool-local test:  ✓ packages/session-tool-local/tests/session-client.spec.ts (22 tests) 44ms
.../plugin/packages/session-tool-local test:  ✓ packages/session-tool-local/tests/workspace.spec.ts (12 tests) 42ms
.../plugin/packages/session-tool-local test:  ✓ packages/session-tool-local/tests/service.spec.ts (50 tests) 1702ms
.../plugin/packages/session-tool-local test:        ✓ wait-all aggregates when every member is terminal  338ms
.../plugin/packages/session-tool-local test:        ✓ returns a timeout snapshot without error when the deadline passes  340ms
.../plugin/packages/session-tool-local test:        ✓ resolves a tag aggregation and reports an empty set as unsatisfied  520ms
.../plugin/packages/session-tool-local test:  Test Files  6 passed (6)
.../plugin/packages/session-tool-local test:       Tests  110 passed (110)
.../plugin/packages/session-tool-local test:    Start at  21:28:39
.../plugin/packages/session-tool-local test:    Duration  1.97s (transform 425ms, setup 0ms, import 746ms, tests 1.81s, environment 0ms)
.../plugin/packages/session-tool-local test: Done
packages/tool-dsh-bot test$ vitest run --config ../../vitest.config.ts packages/tool-dsh-bot/tests
packages/tool-dsh-bot test:  RUN  v4.1.11 /Users/nothing/workspace/dsh/plugin/dsh-grok-bot/plugin
packages/tool-dsh-bot test:  ✓ packages/tool-dsh-bot/tests/tools.spec.ts (5 tests) 6ms
packages/tool-dsh-bot test:  Test Files  1 passed (1)
packages/tool-dsh-bot test:       Tests  5 passed (5)
packages/tool-dsh-bot test:    Start at  21:28:41
packages/tool-dsh-bot test:    Duration  140ms (transform 37ms, setup 0ms, import 59ms, tests 6ms, environment 0ms)
packages/tool-dsh-bot test: Done
===== pnpm -r run typecheck =====
Scope: 5 of 6 workspace projects
.../plugin/packages/session-marks typecheck$ tsc -p tsconfig.json
.../plugin/packages/session-tool typecheck$ tsc -p tsconfig.json
.../plugin/packages/session-tool typecheck: Done
.../plugin/packages/session-marks typecheck: Done
.../plugin/packages/session-tool-local typecheck$ tsc -p tsconfig.json
packages/dsh-bot-host typecheck$ tsc -p tsconfig.json --noEmit
packages/dsh-bot-host typecheck: Done
.../plugin/packages/session-tool-local typecheck: Done
packages/tool-dsh-bot typecheck$ tsc -p tsconfig.json --noEmit
packages/tool-dsh-bot typecheck: Done
