=== dsh-bot P4 final regression 2026-08-29T15:46:40Z ===
cwd=/Users/nothing/workspace/dsh/plugin/dsh-grok-bot/plugin
node=/Users/nothing/.local/bin/node v22.23.0
pnpm=/Users/nothing/.nvm/versions/node/v24.18.0/bin/pnpm 11.7.0

=== BUILD: pnpm -r run build ===
Scope: 6 of 7 workspace projects
packages/ui-dsh-bot build$ tsc -p tsconfig.build.json && tsdown
.../plugin/packages/session-marks build$ tsdown
.../plugin/packages/session-tool build$ tsdown
.../plugin/packages/session-tool build: ℹ tsdown v0.22.14 powered by rolldown v1.2.6
.../plugin/packages/session-marks build: ℹ tsdown v0.22.14 powered by rolldown v1.2.6
.../plugin/packages/session-marks build: ℹ config file: /Users/nothing/workspace/dsh/plugin/session-tool/plugin/packages/session-marks/tsdown.config.ts 
.../plugin/packages/session-tool build: ℹ config file: /Users/nothing/workspace/dsh/plugin/session-tool/plugin/packages/session-tool/tsdown.config.ts 
.../plugin/packages/session-tool build: ℹ entry: src/index.ts
.../plugin/packages/session-tool build: ℹ target: es2024
.../plugin/packages/session-tool build: ℹ tsconfig: tsconfig.json
.../plugin/packages/session-marks build: ℹ entry: src/index.ts
.../plugin/packages/session-marks build: ℹ target: es2024
.../plugin/packages/session-marks build: ℹ tsconfig: tsconfig.json
.../plugin/packages/session-tool build: ℹ Build start
.../plugin/packages/session-marks build: ℹ Build start
.../plugin/packages/session-tool build:  WARN  `external` is deprecated. Use `deps.neverBundle` instead.
.../plugin/packages/session-marks build: ℹ lib/index.js         6.85 kB │ gzip: 2.57 kB
.../plugin/packages/session-marks build: ℹ lib/index.js.map    12.64 kB │ gzip: 4.20 kB
.../plugin/packages/session-marks build: ℹ lib/index.d.ts.map   0.45 kB │ gzip: 0.26 kB
.../plugin/packages/session-marks build: ℹ lib/index.d.ts       3.22 kB │ gzip: 1.28 kB
.../plugin/packages/session-marks build: ℹ 4 files, total: 23.17 kB
.../plugin/packages/session-marks build: ✔ Build complete in 438ms
.../plugin/packages/session-marks build: Done
.../plugin/packages/session-tool build: ℹ lib/index.js         3.07 kB │ gzip: 1.18 kB
.../plugin/packages/session-tool build: ℹ lib/index.js.map    24.03 kB │ gzip: 6.38 kB
.../plugin/packages/session-tool build: ℹ lib/index.d.ts.map   1.85 kB │ gzip: 0.58 kB
.../plugin/packages/session-tool build: ℹ lib/index.d.ts      22.07 kB │ gzip: 5.84 kB
.../plugin/packages/session-tool build: ℹ 4 files, total: 51.03 kB
.../plugin/packages/session-tool build: ✔ Build complete in 460ms
.../plugin/packages/session-tool build: Done
packages/ui-dsh-bot build: ℹ tsdown v0.22.14 powered by rolldown v1.2.6
packages/ui-dsh-bot build: ℹ config file: /Users/nothing/workspace/dsh/plugin/dsh-grok-bot/plugin/packages/ui-dsh-bot/tsdown.config.ts 
packages/ui-dsh-bot build: ℹ [ui-dsh-bot] entry: src/index.ts
packages/ui-dsh-bot build: ℹ [ui-dsh-bot] target: es2024
packages/ui-dsh-bot build: ℹ [ui-dsh-bot] tsconfig: tsconfig.json
packages/ui-dsh-bot build: ℹ [ui-dsh-bot/client] entry: src/client/index.ts
packages/ui-dsh-bot build: ℹ [ui-dsh-bot/client] tsconfig: tsconfig.json
packages/ui-dsh-bot build:  WARN  `external` is deprecated. Use `deps.neverBundle` instead.
packages/ui-dsh-bot build:  WARN  `noExternal` is deprecated. Use `deps.alwaysBundle` instead.
packages/ui-dsh-bot build: ℹ Build start
packages/ui-dsh-bot build: ℹ [ui-dsh-bot] [ESM] lib/index.js  0.30 kB │ gzip: 0.24 kB
packages/ui-dsh-bot build: ℹ [ui-dsh-bot] [ESM] 1 files, total: 0.30 kB
packages/ui-dsh-bot build: ✔ [ui-dsh-bot] Build complete in 16ms
packages/ui-dsh-bot build: ℹ [ui-dsh-bot/client] [CJS] lib/client.js      20.13 kB │ gzip: 5.93 kB
packages/ui-dsh-bot build: ℹ [ui-dsh-bot/client] [CJS] lib/client.js.map  30.39 kB │ gzip: 9.13 kB
packages/ui-dsh-bot build: ℹ [ui-dsh-bot/client] [CJS] 2 files, total: 50.51 kB
packages/ui-dsh-bot build: ✔ [ui-dsh-bot/client] Build complete in 21ms
packages/ui-dsh-bot build: Done
.../plugin/packages/session-tool-local build$ tsdown
packages/dsh-bot-host build$ tsdown
packages/dsh-bot-host build: ℹ tsdown v0.22.14 powered by rolldown v1.2.6
.../plugin/packages/session-tool-local build: ℹ tsdown v0.22.14 powered by rolldown v1.2.6
packages/dsh-bot-host build: ℹ config file: /Users/nothing/workspace/dsh/plugin/dsh-grok-bot/plugin/packages/dsh-bot-host/tsdown.config.ts 
packages/dsh-bot-host build: ℹ entry: src/index.ts
packages/dsh-bot-host build: ℹ target: es2024
packages/dsh-bot-host build: ℹ tsconfig: tsconfig.json
packages/dsh-bot-host build:  WARN  `external` is deprecated. Use `deps.neverBundle` instead.
packages/dsh-bot-host build: ℹ Build start
.../plugin/packages/session-tool-local build: ℹ config file: /Users/nothing/workspace/dsh/plugin/session-tool/plugin/packages/session-tool-local/tsdown.config.ts 
.../plugin/packages/session-tool-local build: ℹ entry: src/index.ts
.../plugin/packages/session-tool-local build: ℹ target: es2024
.../plugin/packages/session-tool-local build: ℹ tsconfig: tsconfig.json
.../plugin/packages/session-tool-local build:  WARN  `external` is deprecated. Use `deps.neverBundle` instead.
.../plugin/packages/session-tool-local build: ℹ Build start
packages/dsh-bot-host build: ℹ lib/index.js        21.20 kB │ gzip:  6.80 kB
packages/dsh-bot-host build: ℹ lib/index.js.map    46.64 kB │ gzip: 12.88 kB
packages/dsh-bot-host build: ℹ lib/index.d.ts.map   1.47 kB │ gzip:  0.61 kB
packages/dsh-bot-host build: ℹ lib/index.d.ts       9.63 kB │ gzip:  3.09 kB
packages/dsh-bot-host build: ℹ 4 files, total: 78.95 kB
packages/dsh-bot-host build: ✔ Build complete in 476ms
packages/dsh-bot-host build: Done
.../plugin/packages/session-tool-local build: ℹ Hint: consider adding deps.onlyBundle option to avoid unintended bundling of dependencies, or set deps.onlyBundle: false to disable this hint.
.../plugin/packages/session-tool-local build: See more at https://tsdown.dev/options/dependencies#deps-onlybundle
.../plugin/packages/session-tool-local build: Detected dependencies in bundle:
.../plugin/packages/session-tool-local build: - zod
.../plugin/packages/session-tool-local build: ℹ lib/index.js        177.17 kB │ gzip: 38.34 kB
.../plugin/packages/session-tool-local build: ℹ lib/index.js.map    478.91 kB │ gzip: 91.17 kB
.../plugin/packages/session-tool-local build: ℹ lib/index.d.ts.map    0.98 kB │ gzip:  0.42 kB
.../plugin/packages/session-tool-local build: ℹ lib/index.d.ts       10.63 kB │ gzip:  3.44 kB
.../plugin/packages/session-tool-local build: ℹ 4 files, total: 667.70 kB
.../plugin/packages/session-tool-local build: ✔ Build complete in 495ms
.../plugin/packages/session-tool-local build: Done
packages/tool-dsh-bot build$ tsdown
packages/tool-dsh-bot build: ℹ tsdown v0.22.14 powered by rolldown v1.2.6
packages/tool-dsh-bot build: ℹ config file: /Users/nothing/workspace/dsh/plugin/dsh-grok-bot/plugin/packages/tool-dsh-bot/tsdown.config.ts 
packages/tool-dsh-bot build: ℹ entry: src/index.ts
packages/tool-dsh-bot build: ℹ target: es2024
packages/tool-dsh-bot build: ℹ tsconfig: tsconfig.json
packages/tool-dsh-bot build:  WARN  `external` is deprecated. Use `deps.neverBundle` instead.
packages/tool-dsh-bot build: ℹ Build start
packages/tool-dsh-bot build: ℹ lib/index.js        2.34 kB │ gzip: 1.06 kB
packages/tool-dsh-bot build: ℹ lib/index.js.map    4.33 kB │ gzip: 1.75 kB
packages/tool-dsh-bot build: ℹ lib/index.d.ts.map  0.12 kB │ gzip: 0.13 kB
packages/tool-dsh-bot build: ℹ lib/index.d.ts      0.30 kB │ gzip: 0.23 kB
packages/tool-dsh-bot build: ℹ 4 files, total: 7.09 kB
packages/tool-dsh-bot build: ✔ Build complete in 418ms
packages/tool-dsh-bot build: Done
BUILD_EXIT:0

=== TYPECHECK: pnpm -r run typecheck ===
Scope: 6 of 7 workspace projects
packages/ui-dsh-bot typecheck$ tsc -p tsconfig.json --noEmit
.../plugin/packages/session-marks typecheck$ tsc -p tsconfig.json
.../plugin/packages/session-tool typecheck$ tsc -p tsconfig.json
.../plugin/packages/session-tool typecheck: Done
.../plugin/packages/session-marks typecheck: Done
packages/ui-dsh-bot typecheck: Done
.../plugin/packages/session-tool-local typecheck$ tsc -p tsconfig.json
packages/dsh-bot-host typecheck$ tsc -p tsconfig.json --noEmit
packages/dsh-bot-host typecheck: Done
.../plugin/packages/session-tool-local typecheck: Done
packages/tool-dsh-bot typecheck$ tsc -p tsconfig.json --noEmit
packages/tool-dsh-bot typecheck: Done
TYPECHECK_EXIT:0

=== TEST: pnpm -r test ===
Scope: 6 of 7 workspace projects
packages/ui-dsh-bot test$ vitest run --config ../../vitest.config.ts packages/ui-dsh-bot/tests
.../plugin/packages/session-marks test$ vitest run --config ../../vitest.config.ts packages/session-marks/tests
packages/ui-dsh-bot test:  RUN  v4.1.11 /Users/nothing/workspace/dsh/plugin/dsh-grok-bot/plugin
.../plugin/packages/session-marks test:  RUN  v4.1.11 /Users/nothing/workspace/dsh/plugin/session-tool/plugin
packages/ui-dsh-bot test:  ✓ packages/ui-dsh-bot/tests/apply-sidebar.spec.ts (2 tests) 2ms
.../plugin/packages/session-marks test:  ✓ packages/session-marks/tests/marks.spec.ts (9 tests) 11ms
.../plugin/packages/session-marks test:  Test Files  1 passed (1)
.../plugin/packages/session-marks test:       Tests  9 passed (9)
.../plugin/packages/session-marks test:    Start at  23:46:46
.../plugin/packages/session-marks test:    Duration  117ms (transform 19ms, setup 0ms, import 28ms, tests 11ms, environment 0ms)
.../plugin/packages/session-marks test: Done
packages/ui-dsh-bot test:  ✓ packages/ui-dsh-bot/tests/rpc.spec.ts (4 tests) 159ms
packages/ui-dsh-bot test:  ✓ packages/ui-dsh-bot/tests/tab.spec.tsx (8 tests) 98ms
packages/ui-dsh-bot test:  Test Files  3 passed (3)
packages/ui-dsh-bot test:       Tests  14 passed (14)
packages/ui-dsh-bot test:    Start at  23:46:45
packages/ui-dsh-bot test:    Duration  627ms (transform 84ms, setup 0ms, import 194ms, tests 259ms, environment 306ms)
packages/ui-dsh-bot test: Done
.../plugin/packages/session-tool-local test$ vitest run --config ../../vitest.config.ts packages/session-tool-local/tests
packages/dsh-bot-host test$ vitest run --config ../../vitest.config.ts packages/dsh-bot-host/tests
packages/dsh-bot-host test:  RUN  v4.1.11 /Users/nothing/workspace/dsh/plugin/dsh-grok-bot/plugin
.../plugin/packages/session-tool-local test:  RUN  v4.1.11 /Users/nothing/workspace/dsh/plugin/session-tool/plugin
.../plugin/packages/session-tool-local test:  ✓ packages/session-tool-local/tests/collect.spec.ts (6 tests) 2ms
.../plugin/packages/session-tool-local test:  ✓ packages/session-tool-local/tests/delegation-projection.spec.ts (9 tests) 4ms
packages/dsh-bot-host test:  ✓ packages/dsh-bot-host/tests/ask.spec.ts (20 tests) 76ms
.../plugin/packages/session-tool-local test:  ✓ packages/session-tool-local/tests/workspace-client.spec.ts (11 tests) 19ms
.../plugin/packages/session-tool-local test:  ✓ packages/session-tool-local/tests/session-client.spec.ts (22 tests) 45ms
.../plugin/packages/session-tool-local test:  ✓ packages/session-tool-local/tests/workspace.spec.ts (12 tests) 39ms
packages/dsh-bot-host test:  ✓ packages/dsh-bot-host/tests/routes.spec.ts (8 tests) 366ms
packages/dsh-bot-host test:  Test Files  2 passed (2)
packages/dsh-bot-host test:       Tests  28 passed (28)
packages/dsh-bot-host test:    Start at  23:46:46
packages/dsh-bot-host test:    Duration  517ms (transform 102ms, setup 0ms, import 154ms, tests 442ms, environment 0ms)
packages/dsh-bot-host test: Done
.../plugin/packages/session-tool-local test:  ✓ packages/session-tool-local/tests/service.spec.ts (50 tests) 1622ms
.../plugin/packages/session-tool-local test:        ✓ wait-all aggregates when every member is terminal  331ms
.../plugin/packages/session-tool-local test:        ✓ returns a timeout snapshot without error when the deadline passes  319ms
.../plugin/packages/session-tool-local test:        ✓ resolves a tag aggregation and reports an empty set as unsatisfied  508ms
.../plugin/packages/session-tool-local test:  Test Files  6 passed (6)
.../plugin/packages/session-tool-local test:       Tests  110 passed (110)
.../plugin/packages/session-tool-local test:    Start at  23:46:46
.../plugin/packages/session-tool-local test:    Duration  1.87s (transform 462ms, setup 0ms, import 769ms, tests 1.73s, environment 0ms)
.../plugin/packages/session-tool-local test: Done
packages/tool-dsh-bot test$ vitest run --config ../../vitest.config.ts packages/tool-dsh-bot/tests
packages/tool-dsh-bot test:  RUN  v4.1.11 /Users/nothing/workspace/dsh/plugin/dsh-grok-bot/plugin
packages/tool-dsh-bot test:  ✓ packages/tool-dsh-bot/tests/tools.spec.ts (5 tests) 6ms
packages/tool-dsh-bot test:  Test Files  1 passed (1)
packages/tool-dsh-bot test:       Tests  5 passed (5)
packages/tool-dsh-bot test:    Start at  23:46:48
packages/tool-dsh-bot test:    Duration  157ms (transform 45ms, setup 0ms, import 69ms, tests 6ms, environment 0ms)
packages/tool-dsh-bot test: Done
TEST_EXIT:0

=== STANDARD: pnpm run standard:check ===
$ node standards/validate.mjs

== manifest 校验（packages/*/dsh-plugin.json） ==
✓ tool-dsh-bot (io.github.nothing1024.tool-dsh-bot)
✓ ui-dsh-bot (io.github.nothing1024.ui-dsh-bot)

== 协商（manifest × host-descriptor） ==
✓ tool-dsh-bot: compatible
✓ ui-dsh-bot: compatible

== fixtures 自检 ==
✓ valid/full.json
✓ valid/minimal.json
✓ valid/tool-dsh-bot.json
✓ invalid/missing-schema.json → [missing-schema]
✓ invalid/wrong-manifest-version.json → [wrong-manifest-version]
✓ invalid/missing-facets.json → [missing-facets]
✓ invalid/bad-id.json → [bad-id]
✓ invalid/unknown-field.json → [unknown-field]
✓ invalid/provides-rejected.json → [provides-rejected]
✓ invalid/requires-services-rejected.json → [requires-services-rejected]
✓ invalid/reserved-facet-client.json → [reserved-facet]
✓ invalid/duplicate-contributes-id.json → [duplicate-contributes-id]
✓ invalid/entry-outside-root.json → [entry-outside-root]

== adapter 审计（上游触点基线） ==
✓ 无未评审的新增上游触点

结论：全部通过
STANDARD_EXIT:0

=== CLOSER AUDIT 2026-08-29T15:53:16Z ===
=== WHO ===
127.0.0.1:3084  pid=22230  DSH_HOME=/Users/nothing/workspace/dsh/plugin/dsh-grok-bot/plugin/env  cwd=/Users/nothing/workspace/dsh/plugin/dsh-grok-bot/plugin
=== NEIGHBOR porcelain ===
session-tool: vibee: ?? .vibee/
genoffice: === BR-006 python scan packages/ env/ scripts/ ===
HITS (empty)
=== VALIDATE_PACKAGE ===

== validate_package: /Users/nothing/workspace/dsh/plugin/dsh-grok-bot/plugin/docs/dsh-bot-mvp ==
[PASS] spec.md 存在（1015 行）
[PASS] tasks.csv 表头正确（8 列）
[PASS] tasks.csv 序号 1..20 连续, 共 20 条任务
[PASS] 所有详情锚点在 spec.md 中有对应 Task 标题
[PASS] 前置依赖引用有效、无循环、方向与 Phase 顺序一致
[PASS] 每个 Phase 最后一条任务均为回归验证
[PASS] tasks.csv 状态列取值全部合法
[PASS] 真实场景任务位于最后 Phase 且在回归收尾之前
[PASS] handoff.md 引用路径全部存在且均为相对路径
[PASS] §0 人话摘要在位（10 行正文）
[PASS] BR/UF/INV/EVD 引用闭环（定义 29 个）
[PASS] §3.3 定位清单 待勘察/ASM 占比 5%（1/21）
[PASS] 任务验证命令 待勘察/ASM 占比 2%（1/40）
[PASS] 全部 6 个 UF 均有步骤级流程脚本
[PASS] 全部 6 个流程脚本均含入口接线清单
[PASS] 存在真实场景测试章节, 且有任务覆盖执行
[PASS] 5.2 环境准备完整（启动命令 + 访问入口）
[PASS] 5.2 执行矩阵引用了 21 条具体 evidence 路径
[PASS] 真实场景任务已完成, 5.2 引用证据齐全（21 条路径）
[PASS] 无残留模板占位符
[PASS] evidence/ 目录存在

结果: 0 FAIL / 0 WARN / 21 PASS
VALIDATE_EXIT:0
