# Living-master Task 5 command log
date: 2026-09-06T19:41:58
cwd: /Users/nothing/workspace/dsh/plugin/dsh-grok-bot/plugin
command: pnpm run typecheck && pnpm run build && pnpm test && pnpm run standard:check
exit: 0

## stdout+stderr (tail)
config.ts 
packages/dsh-bot-host build: ℹ entry: src/index.ts
packages/dsh-bot-host build: ℹ target: es2024
packages/dsh-bot-host build: ℹ tsconfig: tsconfig.json
packages/dsh-bot-host build:  WARN  `external` is deprecated. Use `deps.neverBundle` instead.
packages/dsh-bot-host build: ℹ Build start
packages/dsh-bot-host build: ℹ lib/index.js        149.07 kB │ gzip: 38.19 kB
packages/dsh-bot-host build: ℹ lib/index.js.map    317.42 kB │ gzip: 72.97 kB
packages/dsh-bot-host build: ℹ lib/index.d.ts.map    7.51 kB │ gzip:  2.21 kB
packages/dsh-bot-host build: ℹ lib/index.d.ts       39.63 kB │ gzip:  9.82 kB
packages/dsh-bot-host build: ℹ 4 files, total: 513.63 kB
packages/dsh-bot-host build: ✔ Build complete in 936ms
packages/dsh-bot-host build: Done
packages/tool-dsh-bot build$ tsdown
packages/tool-dsh-bot build: ℹ tsdown v0.22.14 powered by rolldown v1.2.6
packages/tool-dsh-bot build: ℹ config file: /Users/nothing/workspace/dsh/plugin/dsh-grok-bot/plugin/packages/tool-dsh-bot/tsdown.config.ts 
packages/tool-dsh-bot build: ℹ entry: src/index.ts
packages/tool-dsh-bot build: ℹ target: es2024
packages/tool-dsh-bot build: ℹ tsconfig: tsconfig.json
packages/tool-dsh-bot build:  WARN  `external` is deprecated. Use `deps.neverBundle` instead.
packages/tool-dsh-bot build: ℹ Build start
packages/tool-dsh-bot build: ℹ lib/index.js        2.34 kB │ gzip: 1.06 kB
packages/tool-dsh-bot build: ℹ lib/index.js.map    4.33 kB │ gzip: 1.75 kB
packages/tool-dsh-bot build: ℹ lib/index.d.ts.map  0.12 kB │ gzip: 0.13 kB
packages/tool-dsh-bot build: ℹ lib/index.d.ts      0.30 kB │ gzip: 0.23 kB
packages/tool-dsh-bot build: ℹ 4 files, total: 7.09 kB
packages/tool-dsh-bot build: ✔ Build complete in 541ms
packages/tool-dsh-bot build: Done

[1m[30m[46m RUN [49m[39m[22m [36mv4.1.11 [39m[90m/Users/nothing/workspace/dsh/plugin/dsh-grok-bot/plugin[39m

 [32m✓[39m packages/dsh-bot-host/tests/routines.spec.ts [2m([22m[2m9 tests[22m[2m)[22m[32m 121[2mms[22m[39m
 [32m✓[39m packages/ui-dsh-bot/tests/rpc.spec.ts [2m([22m[2m4 tests[22m[2m)[22m[32m 166[2mms[22m[39m
 [32m✓[39m packages/dsh-bot-host/tests/groups.spec.ts [2m([22m[2m10 tests[22m[2m)[22m[32m 105[2mms[22m[39m
 [32m✓[39m packages/dsh-bot-host/tests/bots.spec.ts [2m([22m[2m20 tests[22m[2m)[22m[33m 380[2mms[22m[39m
 [32m✓[39m packages/dsh-bot-host/tests/ask.spec.ts [2m([22m[2m20 tests[22m[2m)[22m[32m 171[2mms[22m[39m
 [32m✓[39m packages/dsh-bot-host/tests/group-engine.spec.ts [2m([22m[2m17 tests[22m[2m)[22m[33m 377[2mms[22m[39m
 [32m✓[39m packages/dsh-bot-host/tests/workbench-sessions.spec.ts [2m([22m[2m18 tests[22m[2m)[22m[33m 303[2mms[22m[39m
 [32m✓[39m packages/dsh-bot-host/tests/reconcile.spec.ts [2m([22m[2m7 tests[22m[2m)[22m[32m 137[2mms[22m[39m
 [32m✓[39m packages/dsh-bot-host/tests/routine-scheduler.spec.ts [2m([22m[2m4 tests[22m[2m)[22m[32m 48[2mms[22m[39m
 [32m✓[39m packages/dsh-bot-host/tests/memory.spec.ts [2m([22m[2m14 tests[22m[2m)[22m[32m 60[2mms[22m[39m
 [32m✓[39m packages/workbench-ui/tests/memory-panel.spec.tsx [2m([22m[2m4 tests[22m[2m)[22m[32m 91[2mms[22m[39m
 [32m✓[39m packages/dsh-bot-host/tests/routes.spec.ts [2m([22m[2m15 tests[22m[2m)[22m[33m 813[2mms[22m[39m
 [32m✓[39m packages/dsh-bot-host/tests/memory-extract.spec.ts [2m([22m[2m6 tests[22m[2m)[22m[32m 61[2mms[22m[39m
 [32m✓[39m packages/workbench-ui/tests/session-list.spec.tsx [2m([22m[2m4 tests[22m[2m)[22m[32m 109[2mms[22m[39m
 [32m✓[39m packages/ui-dsh-bot/tests/tab.spec.tsx [2m([22m[2m6 tests[22m[2m)[22m[32m 166[2mms[22m[39m
 [32m✓[39m packages/workbench-ui/tests/roster.spec.tsx [2m([22m[2m6 tests[22m[2m)[22m[32m 106[2mms[22m[39m
 [32m✓[39m packages/workbench-ui/tests/composer.spec.tsx [2m([22m[2m9 tests[22m[2m)[22m[32m 136[2mms[22m[39m
 [32m✓[39m packages/dsh-bot-host/tests/workbench-routes.spec.ts [2m([22m[2m7 tests[22m[2m)[22m[32m 28[2mms[22m[39m
 [32m✓[39m packages/ui-dsh-bot/tests/jump-bridge.spec.ts [2m([22m[2m13 tests[22m[2m)[22m[32m 11[2mms[22m[39m
 [32m✓[39m packages/workbench-ui/tests/group-form.spec.tsx [2m([22m[2m2 tests[22m[2m)[22m[32m 85[2mms[22m[39m
 [32m✓[39m packages/workbench-ui/tests/bot-form.spec.tsx [2m([22m[2m4 tests[22m[2m)[22m[32m 158[2mms[22m[39m
 [32m✓[39m packages/tool-dsh-bot/tests/tools.spec.ts [2m([22m[2m5 tests[22m[2m)[22m[32m 17[2mms[22m[39m
 [32m✓[39m packages/workbench-ui/tests/conversation.spec.tsx [2m([22m[2m14 tests[22m[2m)[22m[33m 471[2mms[22m[39m
 [32m✓[39m packages/workbench-ui/tests/app.spec.tsx [2m([22m[2m11 tests[22m[2m)[22m[33m 438[2mms[22m[39m
 [32m✓[39m packages/dsh-bot-host/tests/routine-wake.spec.ts [2m([22m[2m5 tests[22m[2m)[22m[32m 5[2mms[22m[39m
 [32m✓[39m packages/workbench-ui/tests/api.spec.ts [2m([22m[2m5 tests[22m[2m)[22m[32m 8[2mms[22m[39m
 [32m✓[39m packages/workbench-ui/tests/avatar.spec.ts [2m([22m[2m4 tests[22m[2m)[22m[32m 6[2mms[22m[39m
 [32m✓[39m packages/workbench-ui/tests/transcript.spec.tsx [2m([22m[2m10 tests[22m[2m)[22m[32m 93[2mms[22m[39m
 [32m✓[39m packages/workbench-ui/tests/emoji.spec.ts [2m([22m[2m3 tests[22m[2m)[22m[32m 4[2mms[22m[39m
 [32m✓[39m packages/ui-dsh-bot/tests/apply-sidebar.spec.ts [2m([22m[2m2 tests[22m[2m)[22m[32m 4[2mms[22m[39m
 [32m✓[39m packages/workbench-ui/tests/mentions.spec.ts [2m([22m[2m3 tests[22m[2m)[22m[32m 4[2mms[22m[39m
 [32m✓[39m packages/workbench-ui/tests/command-palette.spec.tsx [2m([22m[2m5 tests[22m[2m)[22m[32m 58[2mms[22m[39m
 [32m✓[39m packages/workbench-ui/tests/routines-panel.spec.tsx [2m([22m[2m2 tests[22m[2m)[22m[32m 51[2mms[22m[39m
 [32m✓[39m packages/workbench-ui/tests/session-poll.spec.tsx [2m([22m[2m3 tests[22m[2m)[22m[32m 50[2mms[22m[39m
 [32m✓[39m packages/workbench-ui/tests/jump.spec.ts [2m([22m[2m7 tests[22m[2m)[22m[32m 10[2mms[22m[39m
 [32m✓[39m packages/workbench-ui/tests/markdown.spec.tsx [2m([22m[2m2 tests[22m[2m)[22m[32m 44[2mms[22m[39m
 [32m✓[39m packages/workbench-ui/tests/persona.spec.tsx [2m([22m[2m7 tests[22m[2m)[22m[32m 54[2mms[22m[39m
 [32m✓[39m packages/workbench-ui/tests/session-binding.spec.ts [2m([22m[2m5 tests[22m[2m)[22m[32m 6[2mms[22m[39m
 [32m✓[39m packages/workbench-ui/tests/keyboard.spec.tsx [2m([22m[2m2 tests[22m[2m)[22m[32m 31[2mms[22m[39m
 [32m✓[39m packages/workbench-ui/tests/notify.spec.ts [2m([22m[2m2 tests[22m[2m)[22m[32m 3[2mms[22m[39m

[2m Test Files [22m [1m[32m40 passed[39m[22m[90m (40)[39m
[2m      Tests [22m [1m[32m296 passed[39m[22m[90m (296)[39m
[2m   Start at [22m 19:41:55
[2m   Duration [22m 2.54s[2m (transform 3.08s, setup 0ms, import 8.71s, tests 4.99s, environment 13.05s)[22m


== manifest 校验（packages/*/dsh-plugin.json） ==
✓ tool-dsh-bot (io.github.nothing1024.tool-dsh-bot)
✓ ui-dsh-bot (io.github.nothing1024.ui-dsh-bot)

== 协商（manifest × host-descriptor） ==
✓ tool-dsh-bot: compatible
✓ ui-dsh-bot: compatible

== fixtures 自检 ==
✓ valid/full.json
✓ valid/minimal.json
✓ valid/tool-dsh-bot.json
✓ invalid/missing-schema.json → [missing-schema]
✓ invalid/wrong-manifest-version.json → [wrong-manifest-version]
✓ invalid/missing-facets.json → [missing-facets]
✓ invalid/bad-id.json → [bad-id]
✓ invalid/unknown-field.json → [unknown-field]
✓ invalid/provides-rejected.json → [provides-rejected]
✓ invalid/requires-services-rejected.json → [requires-services-rejected]
✓ invalid/reserved-facet-client.json → [reserved-facet]
✓ invalid/duplicate-contributes-id.json → [duplicate-contributes-id]
✓ invalid/entry-outside-root.json → [entry-outside-root]

== adapter 审计（上游触点基线） ==
✓ 无未评审的新增上游触点

结论：全部通过
$ tsc -p tsconfig.json
$ pnpm -r --filter './packages/*' run build
$ vitest run
$ node standards/validate.mjs

